DIAL CHECK
Preparing to dial new address.
DIAL CHECK
No new address to dial.
DIAL CHECK
No new address to dial.
DIAL CHECK
No new address to dial.
DIAL CHECK
No new address to dial.
DIAL CHECK
No new address to dial.
DIAL CHECK
No new address to dial.
DIAL CHECK
Preparing to dial new address.
DIAL CHECK
Preparing to dial new address.
DIAL CHECK
No new address to dial.
DIAL CHECK
No new address to dial.
DIAL CHECK
No new address to dial.
